MemTotal:        2028196 kB
MemFree:          334792 kB
MemAvailable:    1186304 kB
Buffers:           50564 kB
Cached:           892068 kB
SwapCached:            0 kB
Active:           759640 kB
Inactive:         710244 kB
Active(anon):     224620 kB
Inactive(anon):   326764 kB
Active(file):     535020 kB
Inactive(file):   383480 kB
Unevictable:       12176 kB
Mlocked:           12176 kB
SwapTotal:       1521140 kB
SwapFree:        1520884 kB
Dirty:             20724 kB
Writeback:             0 kB
AnonPages:        539600 kB
Mapped:           457356 kB
Shmem:             13380 kB
KReclaimable:      47716 kB
Slab:             116344 kB
SReclaimable:      46916 kB
SUnreclaim:        69428 kB
KernelStack:       19424 kB
PageTables:        27756 kB
NFS_Unstable:          0 kB
Bounce:                0 kB
WritebackTmp:          0 kB
CommitLimit:     2535236 kB
Committed_AS:   19729652 kB
VmallocTotal:   34359738367 kB
VmallocUsed:       32820 kB
VmallocChunk:          0 kB
Percpu:             3280 kB
CmaTotal:         307200 kB
CmaFree:             328 kB
DirectMap4k:      186192 kB
DirectMap2M:     1910784 kB
DirectMap1G:           0 kB

